// Jest Snapshot v1, https://goo.gl/fbAQLP

exports[`Category Products Page matches snapshot 1`] = `
<DocumentFragment>
  <div
    class="chakra-container css-1au2bwr"
  >
    <div
      class="simple-grid-shop css-1vfkk4i"
    />
  </div>
</DocumentFragment>
`;
